../Drivers/STM32L5xx_HAL_Driver/Inc/stm32l5xx_ll_bus.h:433:22:LL_AHB2_GRP1_EnableClock	24	static
../Drivers/STM32L5xx_HAL_Driver/Inc/stm32l5xx_ll_bus.h:914:22:LL_APB1_GRP2_EnableClock	24	static
../Core/Src/main.c:87:5:main	8	static
../Core/Src/main.c:136:6:HAL_TIM_PeriodElapsedCallback	32	static
../Core/Src/main.c:171:6:SystemClock_Config	104	static
../Core/Src/main.c:230:13:MX_ADC1_Init	48	static
../Core/Src/main.c:297:13:MX_LPUART1_UART_Init	8	static
../Core/Src/main.c:345:13:MX_RTC_Init	32	static
../Core/Src/main.c:392:13:MX_TIM2_Init	40	static
../Core/Src/main.c:437:13:MX_UCPD1_Init	32	static
../Core/Src/main.c:479:13:MX_USB_PCD_Init	8	static
../Core/Src/main.c:512:13:MX_GPIO_Init	56	static
../Core/Src/main.c:585:6:Error_Handler	4	static,ignoring_inline_asm
